de/dal33t/powerfolder/IJ.class
de/dal33t/powerfolder/JK.class
de/dal33t/powerfolder/GH.class
de/dal33t/powerfolder/EF.class
de/dal33t/powerfolder/DE.class
de/dal33t/powerfolder/EncryptionPolicy.class
de/dal33t/powerfolder/pro/loader/F$_A.class
de/dal33t/powerfolder/pro/loader/E$_B.class
de/dal33t/powerfolder/pro/loader/E$1.class
de/dal33t/powerfolder/pro/loader/LicenseKey$_A.class
de/dal33t/powerfolder/pro/loader/D.class
de/dal33t/powerfolder/pro/loader/C.class
de/dal33t/powerfolder/pro/loader/F$_B.class
de/dal33t/powerfolder/pro/loader/F$1.class
de/dal33t/powerfolder/pro/loader/LicenseKey.class
de/dal33t/powerfolder/pro/loader/E$_D.class
de/dal33t/powerfolder/pro/loader/E$_C.class
de/dal33t/powerfolder/pro/loader/F.class
de/dal33t/powerfolder/pro/loader/E$_A.class
de/dal33t/powerfolder/pro/loader/E.class
de/dal33t/powerfolder/pro/loader/A.class
de/dal33t/powerfolder/pro/loader/E$_D$1.class
de/dal33t/powerfolder/pro/loader/E$_D$2.class
de/dal33t/powerfolder/pro/loader/E$2.class
de/dal33t/powerfolder/pro/loader/B.class
de/dal33t/powerfolder/pro/E/G.class
de/dal33t/powerfolder/pro/E/I.class
de/dal33t/powerfolder/pro/E/I$_B.class
de/dal33t/powerfolder/pro/E/E$_E.class
de/dal33t/powerfolder/pro/E/E$_B.class
de/dal33t/powerfolder/pro/E/E$1.class
de/dal33t/powerfolder/pro/E/J$2.class
de/dal33t/powerfolder/pro/E/I$_A.class
de/dal33t/powerfolder/pro/E/D.class
de/dal33t/powerfolder/pro/E/C.class
de/dal33t/powerfolder/pro/E/J.class
de/dal33t/powerfolder/pro/E/E$_D.class
de/dal33t/powerfolder/pro/E/E$_C.class
de/dal33t/powerfolder/pro/E/H.class
de/dal33t/powerfolder/pro/E/F.class
de/dal33t/powerfolder/pro/E/E$_A.class
de/dal33t/powerfolder/pro/E/E.class
de/dal33t/powerfolder/pro/E/J$_A.class
de/dal33t/powerfolder/pro/E/A.class
de/dal33t/powerfolder/pro/E/I$1.class
de/dal33t/powerfolder/pro/E/J$1.class
de/dal33t/powerfolder/pro/E/B.class
de/dal33t/powerfolder/pro/D/A$1.class
de/dal33t/powerfolder/pro/D/B$_B.class
de/dal33t/powerfolder/pro/D/B$2.class
de/dal33t/powerfolder/pro/D/B$1.class
de/dal33t/powerfolder/pro/D/B$_A.class
de/dal33t/powerfolder/pro/D/A$_C.class
de/dal33t/powerfolder/pro/D/A.class
de/dal33t/powerfolder/pro/D/A$_B.class
de/dal33t/powerfolder/pro/D/A$_A.class
de/dal33t/powerfolder/pro/D/B.class
de/dal33t/powerfolder/pro/F/G.class
de/dal33t/powerfolder/pro/F/F$_A.class
de/dal33t/powerfolder/pro/F/I.class
de/dal33t/powerfolder/pro/F/B$_C.class
de/dal33t/powerfolder/pro/F/E$1.class
de/dal33t/powerfolder/pro/F/B$_B.class
de/dal33t/powerfolder/pro/F/D.class
de/dal33t/powerfolder/pro/F/C.class
de/dal33t/powerfolder/pro/F/B$1.class
de/dal33t/powerfolder/pro/F/F$_B.class
de/dal33t/powerfolder/pro/F/F$1.class
de/dal33t/powerfolder/pro/F/H.class
de/dal33t/powerfolder/pro/F/B$_A.class
de/dal33t/powerfolder/pro/F/F.class
de/dal33t/powerfolder/pro/F/E.class
de/dal33t/powerfolder/pro/F/A.class
de/dal33t/powerfolder/pro/F/E$2.class
de/dal33t/powerfolder/pro/F/B.class
de/dal33t/powerfolder/pro/B/B$_A.class
de/dal33t/powerfolder/pro/B/A.class
de/dal33t/powerfolder/pro/B/B.class
de/dal33t/powerfolder/pro/C/A$1.class
de/dal33t/powerfolder/pro/C/A.class
de/dal33t/powerfolder/pro/C/A$_B.class
de/dal33t/powerfolder/pro/C/A$_A.class
de/dal33t/powerfolder/pro/ui/loader/C$2.class
de/dal33t/powerfolder/pro/ui/loader/ActivationPanel$1.class
de/dal33t/powerfolder/pro/ui/loader/ActivationPanel$_B.class
de/dal33t/powerfolder/pro/ui/loader/G.class
de/dal33t/powerfolder/pro/ui/loader/ActivationPanel$5.class
de/dal33t/powerfolder/pro/ui/loader/ActivationPanel$_A.class
de/dal33t/powerfolder/pro/ui/loader/ActivationPanel$3.class
de/dal33t/powerfolder/pro/ui/loader/C$_A.class
de/dal33t/powerfolder/pro/ui/loader/ActivationPanel$4.class
de/dal33t/powerfolder/pro/ui/loader/ActivationPanel.class
de/dal33t/powerfolder/pro/ui/loader/D.class
de/dal33t/powerfolder/pro/ui/loader/C.class
de/dal33t/powerfolder/pro/ui/loader/C$3.class
de/dal33t/powerfolder/pro/ui/loader/C$_B.class
de/dal33t/powerfolder/pro/ui/loader/ActivationPanel$2.class
de/dal33t/powerfolder/pro/ui/loader/ActivationPanel$6.class
de/dal33t/powerfolder/pro/ui/loader/H.class
de/dal33t/powerfolder/pro/ui/loader/F.class
de/dal33t/powerfolder/pro/ui/loader/E.class
de/dal33t/powerfolder/pro/ui/loader/ActivationPanel$7.class
de/dal33t/powerfolder/pro/ui/loader/D$1.class
de/dal33t/powerfolder/pro/ui/loader/A.class
de/dal33t/powerfolder/pro/ui/loader/C$1.class
de/dal33t/powerfolder/pro/ui/loader/ActivationPanel$BooleanNotConverter.class
de/dal33t/powerfolder/pro/ui/loader/ActivationPanel$_C.class
de/dal33t/powerfolder/pro/ui/loader/B.class
de/dal33t/powerfolder/pro/G/A$1.class
de/dal33t/powerfolder/pro/G/A.class
de/dal33t/powerfolder/pro/G/A$_A.class
de/dal33t/powerfolder/pro/A/A$1.class
de/dal33t/powerfolder/pro/A/A.class
de/dal33t/powerfolder/pro/A/A$_B.class
de/dal33t/powerfolder/pro/A/A$_A.class
de/dal33t/powerfolder/pro/A/B.class
de/dal33t/powerfolder/ConfigurationProEntry.class
de/dal33t/powerfolder/BC.class
de/dal33t/powerfolder/CD.class
de/dal33t/powerfolder/message/LicenseKeyCheck.class
de/dal33t/powerfolder/message/EncryptionChallenge.class
de/dal33t/powerfolder/message/EncryptionSetup.class
de/dal33t/powerfolder/FG.class
